{
  "initial_template": "pay_for_delete_letter_template.html",
  "final_template": "pay_for_delete_letter_template.html",
  "initial_missing_fields": [
    "collector_name",
    "deletion_clause",
    "offer_terms",
    "payment_clause"
  ],
  "final_missing_fields": [],
  "initial_missing_heatmap": {
    "pay_for_delete": {
      "collector_name": 1,
      "offer_terms": 1,
      "deletion_clause": 1,
      "payment_clause": 1
    }
  },
  "counters": {
    "router.finalized": 2,
    "router.finalized.pay_for_delete": 2,
    "router.finalized.pay_for_delete.pay_for_delete_letter_template.html": 2,
    "router.missing_fields.pay_for_delete.pay_for_delete_letter_template.html.collector_name": 1,
    "router.missing_fields.pay_for_delete.pay_for_delete_letter_template.html.offer_terms": 1,
    "router.missing_fields.pay_for_delete.pay_for_delete_letter_template.html.deletion_clause": 1,
    "router.missing_fields.pay_for_delete.pay_for_delete_letter_template.html.payment_clause": 1,
    "router.missing_fields.finalize.pay_for_delete.collector_name": 1,
    "router.missing_fields.finalize.pay_for_delete.offer_terms": 1,
    "router.missing_fields.finalize.pay_for_delete.deletion_clause": 1,
    "router.missing_fields.finalize.pay_for_delete.payment_clause": 1
  }
}
