{
  "order": [
    "candidate:dispute",
    "planner",
    "finalize:dispute",
    "planner",
    "planner",
    "finalize:dispute"
  ],
  "final_current_step": 2,
  "next_eligible_at": "2024-03-02T00:00:00"
}
