<p>Jane Doe</p>
<p>123 Main St</p>
<p>January 1, 2024</p><p>Bank</p>
<p>Account 1234 (EXPERIAN)</p><p>I dispute the accuracy of this account under FCRA ยง611 and request a reinvestigation.</p>
<p>FCRA ยง611 grants me the right to dispute. Please reinvestigate this item.</p>
<p>Jane Doe</p>