<p>Jane Doe</p>
<p>123 Main St</p>
<p>January 1, 2024</p><p>Collector Inc</p>
<p>Account 1234 (EXPERIAN)</p><p>I request that all further communication regarding this account cease immediately.</p><p>Stop contact immediately.</p>
<p>Jane Doe</p>
