<p>Jane Doe</p>
<p>123 Main St</p>
<p>January 1, 2024</p><p>Collector Inc</p>
<p>Account 1234 (EXPERIAN)</p><p>I request full validation of this debt in accordance with the Fair Debt Collection Practices Act.</p><p>FDCPA 1692g requires validation; please respond within 30 days.</p>
<p>5</p>
<p>Jane Doe</p>
