<p>Jane Doe</p>
<p>123 Main St</p>
<p>January 1, 2024</p><p>Fraud Corp</p>
<p>Account 1234 (EXPERIAN)</p><p>I am disputing this account because it does not belong to me.</p><p>FCRA 605B allows me to block or remove this item via FTC report within 30 days.</p>
<p>True</p>
<p>Jane Doe</p>
