<p>Jane Doe</p>
<p>123 Main St</p>
<p>January 1, 2024</p><p>Good Bank</p>
<p>Account 1234 (EXPERIAN)</p><p>I respectfully request goodwill adjustment based on my positive account history.</p><p>I respectfully request a goodwill adjustment based on my positive payment history without admitting responsibility.</p>
<p>12</p>
<p>I have a positive history with your bank.</p>
<p>Jane Doe</p>

