<p>Jane Doe</p>
<p>123 Main St</p>
<p>January 1, 2024</p><p>Medical Co</p>
<p>Account 1234 (EXPERIAN)</p><p>I dispute the accuracy of this account and request that the furnisher investigate.</p><p>Paid medical debt under $500 should be removed.</p>
<p>1 Med St</p>
<p>Jane Doe</p>
