<p>Jane Doe</p>
<p>123 Main St</p>
<p>January 1, 2024</p><p>Bank</p>
<p>Account 1234 (EXPERIAN)</p><p>I am requesting the method of verification used to validate this account.</p><p>Please reinvestigate this item.</p>
<p>verified</p>
<p>45</p>
<p>Jane Doe</p>
