<p>Jane Doe</p>
<p>123 Main St</p>
<p>January 1, 2024</p><p>Collector Inc</p>
<p>Account 1234 (EXPERIAN)</p><p>I am willing to resolve this account contingent on its deletion from my credit report.</p><p>I will pay if you delete this account.</p>
<p>Delete account and we pay 60%.</p>
<p>Jane Doe</p>
