<p>Jane Doe</p>
<p>123 Main St</p>
<p>January 1, 2024</p><p>Name: Jane Doe</p>
<p>Address: 123 Main St</p>
<p>Date of Birth: 1990-01-01</p>
<p>SSN (last 4): XXX-XX-1234</p>
<p>Please update my personal information accordingly.</p>
<p>Please update your records to reflect the correct information above.</p>
<p>Jane Doe</p>