{
  "action_tag": "pay_for_delete",
  "initial_ctx": {
    "legal_safe_summary": "I will pay if you delete this account.",
    "offer_terms": "Delete account and we pay 60%."
  },
  "template": "pay_for_delete_letter_template.html",
  "missing_fields": ["collector_name"]
}
