<p>Jane Doe</p>
<p>123 Main St</p>
<p>January 1, 2024</p><p>Inquiry Co</p>
<p>Account 1234 (EXPERIAN)</p><p>I dispute the accuracy of this account and request that the furnisher investigate.</p><p>This unauthorized inquiry should be removed.</p>
<p>2 Inquiry Ave</p>
<p>Jane Doe</p>
